============== LINKS ====================================
Link para download do GIT: https://git-scm.com/downloads

o Git bash é um terminal estendido para otimizar o uso do Git.

============== COMANDOS ==================================
>> GERANDO PAR DE CHAVES PARA O GITHUB <<<<<<<<<<<<
$ ssh-keygen -t ed25519 -C paulrdsi.github@gmail.com
Generating public/private ed25519 key pair.
Enter file in which to save the key (/c/Users/paulo/.ssh/id_ed25519):
Created directory '/c/Users/paulo/.ssh'.
Enter passphrase (empty for no passphrase):
Enter same passphrase again:
Your identification has been saved in /c/Users/paulo/.ssh/id_ed25519
Your public key has been saved in /c/Users/paulo/.ssh/id_ed25519.pub
The key fingerprint is:
SHA256:D901h0WQanGDgF47oheWDK+q1xe58/T5hzg1qsjmXzE paulrdsi.github@gmail.com
The key's randomart image is:
+--[ED25519 256]--+
|         ... ..+o|
|      . . . o +o |
|       = o . ++..|
|        O.o.o. o |
|       +S+.oE    |
|      o +o   oo  |
|     o . oo .+ o |
|    o ..=o o+.. .|
|  .o   ++++.oo.. |
+----[SHA256]-----+

>> CONSULTANDO DIRETORIO .SSH (onde contem o par de chaves) <<<<<<<<<<<<
$ ls
id_ed25519  id_ed25519.pub

>> REVELANDO CHAVE PUBLICA PARA O GITHUB <<<<<<<<<<<<
$ cat id_ed25519.pub
ssh-ed25519 AAAAC3NzaC1lZDI1NTE5AAAAIMnu6B7uztgVMftmA06mQiUisI6mUl64wdX71QIBpbYO paulrdsi.github@gmail.com

>> LINKANDO CHAVE PUBLICA COM AGENT <<<<<<<<<<<<
$ eval $(ssh-agent -s)
Agent pid 1381

>> LINKANDO EMAIL À CHAVE PRIVADA <<<<<<<<<<<<
$ ssh-add id_ed25519
Identity added: id_ed25519 (paulrdsi.github@gmail.com)

>> CRIANDO DIRETORIO <<<<<<<<<<<<
$ mkdir livro-receitas

>> INICIA UM REPOSITORIO LOCAL <<<<<<<<<<<<
$ git init
Initialized empty Git repository in C:/Workspace/livro-receitas/.git/

>> CONFIGURANDO E MAIL E USUARIO PARA ASSINATURA DOS COMMITS <<<<<<<<<<<<
$ git config --global user.email "paulrdsi.github@gmail.com"
$ git config --global user.name paulrdsi

>> LISTAR PASTAS OCULTAS DE UM DIRETÓRIO |livro-receitas| <<<<<<<<<<<
$ ls -a

>> CRIANDO USUARIO E EMAIL PARA O SEU GIT |livro-receitas| <<<<<<<<<<
$ git config --global user.email "paulrdsi.github@gmail.com"
$ git config --global user.name paulrdsi

>> CRIAR UM REPOSITÓRIO DENTRO DO DIRETÓRIO |livro-receitas| <<<<<<<<
$ git init
Initialized empty Git repository in C:/Workspace/livro-receitas/.git/

>> CRIAR O PRIMEIRO COMMIT DO DIRETÓRIO |livro-receitas| <<<<<<<<<<<<
$ git commit -m "commit inicial"

>> MONITORA O STATUS DO DIRETÓRIO |livro-receitas| <<<<<<<<<<<<
$ git status
(On branch master
nothing to commit, working tree clean) - SEM PENDENCIAS NO REPOSITORIO

>> MOVER ARQUIVO ENTRE DIRETÓRIOS| livro-receitas - RECEITAS| <<<<<<<<<<<<
$ mv stogonoff.md ./receitas/

>> EMPURRAR O REPOSITORIO LOCAL PARA UM REMOTO - PRIMEIRO ADICIONA A ORIGEM <<<<<<<<<<<<
$ git remote add origin <link do github>
$ git remote add origin https://github.com/paulordsi/livro-receitas.git
$ git push origin master

>> PUXA O REPOSITORIO REMOTO PARA O LOCAL - PRIMEIRO ADICIONA A ORIGEM <<<<<<<<<<<<
$ git pull origin master

>> LISTA  OS REPOSITORIOS REMOTOS CADASTRADOS <<<<<<<<<<<<
$ git remote -v

>> CLONAR REPOSITÓRIOS <<<<<<<<<<<<
$ git clone <ENDEREÇO DO REPOSITÓRIO>

#####################################################################

##### CONCEITOS #####################################################

- Arquivos se dividem em:
  |
  |--	UNTRACKED - arquivos que o git NÃO TEM ciência deles
  |
  |--	TRACKED - arquivos que o git TEM ciência
     	   |---- Unmodified - arquivo que ainda não foi modificado
     	   |---- Modified - arquivo "unmodified" que sofreu alteração
     	   |---- Staged - arquivos que estão se preparando
- git init - criou um arquivo UNTRACKED
- git add - moveu um arquivo UNTRACKED direto para um STAGED
- arquivo MODIFIED - git compara o SHA1 daqueles arquivos
- rodando o git add nesse arquivo MODIFIED ele vai para STAGED
- removendo um arquivo UNMODIFIED ele volta para UNTRACKED

![image-20220824195419759](C:\Users\paulo\AppData\Roaming\Typora\typora-user-images\image-20220824195419759.png)

- quando o arquivo esta no STAGED, ele esta se preparando para o COMMIT

|----------- envelopa todas modificações, escreve uma mensagem, carrega um autor, uma data >> integrando um OBJETO COMMIT >> passa de STAGED para UNMODIFIED através do COMMIT >> que seria uma espécie de SNAPSHOOT do arquivo naquele momento

CICLO 1:

untracked > unmodified > modified > staged > [commit > unmodified]
						|
						|--- guarda no repositorio local (compoato de arquivos COMMIT)
									|--- Repositorio remoto > GitHub									|

CICLO 2:
1 - crio arquivo;
2 - git status, para ver o status do novo arquivo;
3 - git add *, para mover arquivo para STAGED;
4 - git status, para confirmar que o arquivo esta em STAGED;
5 - git commit -m "mensagem", para fazer o novo COMMIT;

|| WORKING DIRECTORY | | STAGING AREA | | LOCAL REPOSITORY ||
                  >git add<       >git commit -m<

CICLO 3:
1 - ALTERO ARQUIVO
2 - git status - <NOME ARQUIVO>: modified (Changes not staged for commit)
3 - git add * (ARQUIVO MODIFICADO FOI PARA staged)
4 - git status - <NOME ARQUIVO>: modified (Changes to be committed)
5 - git commit -m "<MENSAGEM>"
6 - git push origin master (empurra commit para repositorio remoto)
						

========================TESTANDO==========================================
$ git status
On branch master
Changes not staged for commit:
  (use "git add/rm <file>..." to update what will be committed)
  (use "git restore <file>..." to discard changes in working directory)
        deleted:    stogonoff.md

Untracked files:
  (use "git add <file>..." to include in what will be committed)
        receitas/

no changes added to commit (use "git add" and/or "git commit -a")
(ARQUIVOS stogonoff.md e receitas NÃO ESTAVAM MAIS NO STAGED)

$ git add stogonoff.md receitas/
(MODIFICOU O STATUS DESSES ARQUIVOS PARA STAGED)

$ git status
On branch master
Changes to be committed:
  (use "git restore --staged <file>..." to unstage)
        renamed:    stogonoff.md -> receitas/stogonoff.md

$ git commit -m "cria pasta receitas, move arquivo para receitas"
[master a0e244a] cria pasta receitas, move arquivo para receitas
 1 file changed, 0 insertions(+), 0 deletions(-)
 rename stogonoff.md => receitas/stogonoff.md (100%)
(CRIANDO NOVO COMMIT)


